c:\users\aloe\downloads\opengl_port_vs\opengl_port\x64\debug\vc143.pdb
c:\users\aloe\downloads\opengl_port_vs\opengl_port\x64\debug\vc143.idb
c:\users\aloe\downloads\opengl_port_vs\opengl_port\x64\debug\quad.obj
c:\users\aloe\downloads\opengl_port_vs\opengl_port\x64\debug\main.obj
c:\users\aloe\downloads\opengl_port_vs\opengl_port\x64\debug\input.obj
c:\users\aloe\downloads\opengl_port_vs\opengl_port\x64\debug\gl_texture.obj
c:\users\aloe\downloads\opengl_port_vs\opengl_port\x64\debug\gl_platform.obj
c:\users\aloe\downloads\opengl_port_vs\opengl_port\x64\debug\gl_image.obj
c:\users\aloe\downloads\opengl_port_vs\opengl_port\x64\debug\gl_fbo.obj
c:\users\aloe\downloads\opengl_port_vs\opengl_port\x64\debug\vec2.obj
c:\users\aloe\downloads\opengl_port_vs\opengl_port\x64\debug\mode7.obj
c:\users\aloe\downloads\opengl_port_vs\opengl_port\x64\debug\gridmap.obj
c:\users\aloe\downloads\opengl_port_vs\opengl_port\x64\debug\customcell.obj
c:\users\aloe\downloads\opengl_port_vs\opengl_port\x64\debug\glad.obj
c:\users\aloe\downloads\opengl_port_vs\x64\debug\opengl_port.exe
c:\users\aloe\downloads\opengl_port_vs\x64\debug\opengl_port.pdb
c:\users\aloe\downloads\opengl_port_vs\opengl_port\x64\debug\opengl_port.ilk
c:\users\aloe\downloads\opengl_port_vs\opengl_port\x64\debug\opengl_port.tlog\cl.command.1.tlog
c:\users\aloe\downloads\opengl_port_vs\opengl_port\x64\debug\opengl_port.tlog\cl.items.tlog
c:\users\aloe\downloads\opengl_port_vs\opengl_port\x64\debug\opengl_port.tlog\cl.read.1.tlog
c:\users\aloe\downloads\opengl_port_vs\opengl_port\x64\debug\opengl_port.tlog\cl.write.1.tlog
c:\users\aloe\downloads\opengl_port_vs\opengl_port\x64\debug\opengl_port.tlog\link.command.1.tlog
c:\users\aloe\downloads\opengl_port_vs\opengl_port\x64\debug\opengl_port.tlog\link.read.1.tlog
c:\users\aloe\downloads\opengl_port_vs\opengl_port\x64\debug\opengl_port.tlog\link.secondary.1.tlog
c:\users\aloe\downloads\opengl_port_vs\opengl_port\x64\debug\opengl_port.tlog\link.write.1.tlog
